[2mAM 1:28:58[22m [31m[1m[vite][22m[39m [31mhttp proxy error: /scan[39m
Error: connect ECONNREFUSED 127.0.0.1:8001
    at TCPConnectWrap.afterConnect [as oncomplete] (node:net:1645:16)
[2mAM 3:04:43[22m [31m[1m[vite][22m[39m [31m[2m(client)[22m[39m [31m[Unhandled error] [1mReferenceError[22m: toggleCoverAll is not defined
[39m > HighlightedText src/components/results/HighlightedText.tsx:91:21
    89 |              type="button"
    90 |              className="analysis-result__cover-all"
    91 |              onClick={toggleCoverAll}
       |                       ^
    92 |              disabled={detections.length === 0}
    93 |              aria-pressed={allCovered}
 > Object.react_stack_bottom_frame node_modules/react-dom/cjs/react-dom-client.development.js:25904:19
 > renderWithHooks node_modules/react-dom/cjs/react-dom-client.development.js:7662:21
 > updateFunctionComponent node_modules/react-dom/cjs/react-dom-client.development.js:10166:18
 > beginWork node_modules/react-dom/cjs/react-dom-client.development.js:11778:17
 > runWithFiberInDEV node_modules/react-dom/cjs/react-dom-client.development.js:871:29
 > performUnitOfWork node_modules/react-dom/cjs/react-dom-client.development.js:17641:21
 > workLoopSync node_modules/react-dom/cjs/react-dom-client.development.js:17469:40
 > renderRootSync node_modules/react-dom/cjs/react-dom-client.development.js:17450:10
 > performWorkOnRoot node_modules/react-dom/cjs/react-dom-client.development.js:16583:34

[2mAM 3:04:43[22m [33m[1m[vite][22m[39m [33m[2m(client)[22m[39m [2m[console.warn] [22mAn error occurred in the <HighlightedText> component.

Consider adding an error boundary to your tree to customize error handling behavior.
Visit https://react.dev/link/error-boundaries to learn more about error boundaries.

